Dokumentace pro autory|Dokumentace pro autory||README.md
 ⚙️ Funkce|Seznam funkcí||features.md
💡 Obecná doporučení|Obecná doporučení||general.md
👀 Zobraz repozitář|Zkuste si HelpViewer s vlastním repozitářem dokumentace||:viewRepo.htm
Nová nápověda|Vytvoření nové nápovědy||newHelp.md
 🗂️ Struktura projektu|Struktura projektu nápovědy||struct.md
Konfigurace nápovědy|Konfigurace nápovědy||helpCfg.md
 📖 Ikony stromu témat|Ikony stromu témat||tocIcon.md
 🔎 Fulltextové vyhledávání|Fulltextové vyhledávání (fts-keywords.lst)||fulltextIndex.md
 🛠️ Vlastní UI prohlížeče|Vlastní UI prohlížeče||customUI.md
Nová kapitola|Nová kapitola||newTopic.md
 📝 Texty kapitol|Texty kapitol||texts.md
 📑 Určení nadpisu|Určení nadpisu||heading.md
 🔖 Seznam částí|Seznam částí||sectionList.md
 🔗 Odkazy|Odkazy v textech||links.md
 🖼️ Obrázky|Obrázky v textech||images.md
 🧾 Kódový výpis|Kódový výpis v textech||code.md
 📢 Informační bloky|Vyznačené informační bloky||admonitions.md
 📊 Diagram|Diagram||diagram.md
 🧩 JavaScript|Vložený JavaScript blok||innerJS.md
 🖨️ Tisk|Tisk||print.md
Indexace|Indexace kapitoly a popis metadat||indexing.md
 📖 Strom témat|Strom témat (tree.lst)||mdata/tree.lst.md
 📑 Seznam souborů|Seznam souborů (files.lst)||mdata/files.lst.md
 📇 Seznam klíčových slov|Seznam klíčových slov (keywords.lst)||mdata/keywords.lst.md
 📇 Vazba klíčové slovo - soubor|Vazba mezi klíčovými slovy a soubory (keywords-files.lst)||mdata/keywords-files.lst.md
🏷️ Vizuální identita|Vlastní vizuální identita||branding.md
Vydání verze nápovědy|Vydání verze nápovědy||publish.md
 🔑 Token|GitHub token||token.md
📥 Export|Export||export.md
🌐 Nový jazyk|Nový jazyk||newLang.md
🤝 Integrace s aplikacemi|Integrace s aplikacemi||integration.md
💬 Uživatelská skupina|Uživatelská skupina Discord||https://discord.gg/J2SjcmqHSZ
